<?xml version="1.0" encoding="utf-8"?><testsuites name="pytest tests"><testsuite name="pytest" errors="0" failures="0" skipped="0" tests="1" time="5.819" timestamp="2026-03-23T15:56:27.233900-07:00" hostname="Erikas-MacBook-Pro.local"><testcase classname="tests.test_pipeline.TestPipeline" name="test_pipeline" time="5.098" /></testsuite></testsuites>
